// Jest Snapshot v1, https://goo.gl/fbAQLP

exports[`.set() - should not set value if missing value 1`] = `[AssertionError [ERR_ASSERTION]: "fileContent" is missing]`;

exports[`.set() - should not set value if missing value 2`] = `[Error: No file with name "some-key-1"]`;
